../Core/Src/main.c:62:5:Read_Temperature	16	static
../Core/Src/main.c:85:5:main	16	static
../Core/Src/main.c:155:6:SystemClock_Config	88	static
../Core/Src/main.c:201:13:MX_ADC1_Init	24	static
../Core/Src/main.c:253:13:MX_USART2_UART_Init	8	static
../Core/Src/main.c:284:13:MX_DMA_Init	16	static
../Core/Src/main.c:302:13:MX_GPIO_Init	40	static
../Core/Src/main.c:339:6:HAL_GPIO_EXTI_Callback	16	static
../Core/Src/main.c:348:5:_write	24	static
../Core/Src/main.c:371:6:Error_Handler	4	static,ignoring_inline_asm
