../Core/Src/main.c:53:5:_write	24	static
../Core/Src/main.c:59:6:HAL_GPIO_EXTI_Callback	16	static
../Core/Src/main.c:79:6:DetectOnSound	8	static
../Core/Src/main.c:102:5:main	24	static
../Core/Src/main.c:181:6:SystemClock_Config	88	static
../Core/Src/main.c:227:13:MX_TIM3_Init	64	static
../Core/Src/main.c:286:13:MX_TIM10_Init	8	static
../Core/Src/main.c:317:13:MX_USART2_UART_Init	8	static
../Core/Src/main.c:350:13:MX_GPIO_Init	48	static
../Core/Src/main.c:402:6:Error_Handler	4	static,ignoring_inline_asm
