../Core/Src/main.c:62:5:_write	1
../Core/Src/main.c:68:6:HAL_GPIO_EXTI_Callback	3
../Core/Src/main.c:82:5:Read_Temperature	2
../Core/Src/main.c:136:6:powerOnSound	1
../Core/Src/main.c:165:5:main	8
../Core/Src/main.c:323:6:SystemClock_Config	3
../Core/Src/main.c:369:13:MX_ADC1_Init	3
../Core/Src/main.c:421:13:MX_TIM2_Init	4
../Core/Src/main.c:466:13:MX_TIM3_Init	6
../Core/Src/main.c:525:13:MX_TIM10_Init	2
../Core/Src/main.c:556:13:MX_USART2_UART_Init	2
../Core/Src/main.c:589:13:MX_GPIO_Init	1
../Core/Src/main.c:643:6:HAL_TIM_PeriodElapsedCallback	2
../Core/Src/main.c:656:6:Error_Handler	1
