../Core/ap/Controller/Controller_StopWatch.c:12:6:Controller_StopWatch_Init	16	static
../Core/ap/Controller/Controller_StopWatch.c:24:6:Controller_StopWatch_Excute	16	static
../Core/ap/Controller/Controller_StopWatch.c:39:6:Controller_StopWatch_Stop	24	static
../Core/ap/Controller/Controller_StopWatch.c:56:6:Controller_StopWatch_Run	40	static
../Core/ap/Controller/Controller_StopWatch.c:84:6:Controller_StopWatch_Clear	16	static
../Core/ap/Controller/Controller_StopWatch.c:97:6:Controller_StopWatch_IncTimeCallBack	8	static
