../Core/ap/StopWatch/StopWatch.c:10:6:StopWatch_Init	8	static
../Core/ap/StopWatch/StopWatch.c:15:6:StopWatch_ISR	8	static
../Core/ap/StopWatch/StopWatch.c:21:6:StopWatch_IncMSec	4	static
../Core/ap/StopWatch/StopWatch.c:51:6:StopWatch_Clear	4	static
../Core/ap/StopWatch/StopWatch.c:58:6:StopWatch_RunState	4	static
../Core/ap/StopWatch/StopWatch.c:62:6:StopWatch_StopState	4	static
../Core/ap/StopWatch/StopWatch.c:66:6:StopWatch_ClearState	8	static
../Core/ap/StopWatch/StopWatch.c:70:6:StopWatch_DispLCD	136	static
../Core/ap/StopWatch/StopWatch.c:91:6:StopWatch_Execute	8	static
