Archive member included to satisfy reference by file (symbol)

C:/ST/STM32CubeIDE_1.18.0/STM32CubeIDE/plugins/com.st.stm32cube.ide.mcu.externaltools.gnu-tools-for-stm32.13.3.rel1.win32_1.0.0.202411081344/tools/bin/../lib/gcc/arm-none-eabi/13.3.1/../../../../arm-none-eabi/lib/thumb/v7e-m+fp/hard\libc_nano.a(libc_a-exit.o)
                              C:/ST/STM32CubeIDE_1.18.0/STM32CubeIDE/plugins/com.st.stm32cube.ide.mcu.externaltools.gnu-tools-for-stm32.13.3.rel1.win32_1.0.0.202411081344/tools/bin/../lib/gcc/arm-none-eabi/13.3.1/../../../../arm-none-eabi/lib/thumb/v7e-m+fp/hard/crt0.o (exit)
C:/ST/STM32CubeIDE_1.18.0/STM32CubeIDE/plugins/com.st.stm32cube.ide.mcu.externaltools.gnu-tools-for-stm32.13.3.rel1.win32_1.0.0.202411081344/tools/bin/../lib/gcc/arm-none-eabi/13.3.1/../../../../arm-none-eabi/lib/thumb/v7e-m+fp/hard\libc_nano.a(libc_a-findfp.o)
                              C:/ST/STM32CubeIDE_1.18.0/STM32CubeIDE/plugins/com.st.stm32cube.ide.mcu.externaltools.gnu-tools-for-stm32.13.3.rel1.win32_1.0.0.202411081344/tools/bin/../lib/gcc/arm-none-eabi/13.3.1/../../../../arm-none-eabi/lib/thumb/v7e-m+fp/hard\libc_nano.a(libc_a-exit.o) (__stdio_exit_handler)
C:/ST/STM32CubeIDE_1.18.0/STM32CubeIDE/plugins/com.st.stm32cube.ide.mcu.externaltools.gnu-tools-for-stm32.13.3.rel1.win32_1.0.0.202411081344/tools/bin/../lib/gcc/arm-none-eabi/13.3.1/../../../../arm-none-eabi/lib/thumb/v7e-m+fp/hard\libc_nano.a(libc_a-fwalk.o)
                              C:/ST/STM32CubeIDE_1.18.0/STM32CubeIDE/plugins/com.st.stm32cube.ide.mcu.externaltools.gnu-tools-for-stm32.13.3.rel1.win32_1.0.0.202411081344/tools/bin/../lib/gcc/arm-none-eabi/13.3.1/../../../../arm-none-eabi/lib/thumb/v7e-m+fp/hard\libc_nano.a(libc_a-findfp.o) (_fwalk_sglue)
C:/ST/STM32CubeIDE_1.18.0/STM32CubeIDE/plugins/com.st.stm32cube.ide.mcu.externaltools.gnu-tools-for-stm32.13.3.rel1.win32_1.0.0.202411081344/tools/bin/../lib/gcc/arm-none-eabi/13.3.1/../../../../arm-none-eabi/lib/thumb/v7e-m+fp/hard\libc_nano.a(libc_a-stdio.o)
                              C:/ST/STM32CubeIDE_1.18.0/STM32CubeIDE/plugins/com.st.stm32cube.ide.mcu.externaltools.gnu-tools-for-stm32.13.3.rel1.win32_1.0.0.202411081344/tools/bin/../lib/gcc/arm-none-eabi/13.3.1/../../../../arm-none-eabi/lib/thumb/v7e-m+fp/hard\libc_nano.a(libc_a-findfp.o) (__sread)
C:/ST/STM32CubeIDE_1.18.0/STM32CubeIDE/plugins/com.st.stm32cube.ide.mcu.externaltools.gnu-tools-for-stm32.13.3.rel1.win32_1.0.0.202411081344/tools/bin/../lib/gcc/arm-none-eabi/13.3.1/../../../../arm-none-eabi/lib/thumb/v7e-m+fp/hard\libc_nano.a(libc_a-memset.o)
                              C:/ST/STM32CubeIDE_1.18.0/STM32CubeIDE/plugins/com.st.stm32cube.ide.mcu.externaltools.gnu-tools-for-stm32.13.3.rel1.win32_1.0.0.202411081344/tools/bin/../lib/gcc/arm-none-eabi/13.3.1/../../../../arm-none-eabi/lib/thumb/v7e-m+fp/hard/crt0.o (memset)
C:/ST/STM32CubeIDE_1.18.0/STM32CubeIDE/plugins/com.st.stm32cube.ide.mcu.externaltools.gnu-tools-for-stm32.13.3.rel1.win32_1.0.0.202411081344/tools/bin/../lib/gcc/arm-none-eabi/13.3.1/../../../../arm-none-eabi/lib/thumb/v7e-m+fp/hard\libc_nano.a(libc_a-closer.o)
                              C:/ST/STM32CubeIDE_1.18.0/STM32CubeIDE/plugins/com.st.stm32cube.ide.mcu.externaltools.gnu-tools-for-stm32.13.3.rel1.win32_1.0.0.202411081344/tools/bin/../lib/gcc/arm-none-eabi/13.3.1/../../../../arm-none-eabi/lib/thumb/v7e-m+fp/hard\libc_nano.a(libc_a-stdio.o) (_close_r)
C:/ST/STM32CubeIDE_1.18.0/STM32CubeIDE/plugins/com.st.stm32cube.ide.mcu.externaltools.gnu-tools-for-stm32.13.3.rel1.win32_1.0.0.202411081344/tools/bin/../lib/gcc/arm-none-eabi/13.3.1/../../../../arm-none-eabi/lib/thumb/v7e-m+fp/hard\libc_nano.a(libc_a-reent.o)
                              C:/ST/STM32CubeIDE_1.18.0/STM32CubeIDE/plugins/com.st.stm32cube.ide.mcu.externaltools.gnu-tools-for-stm32.13.3.rel1.win32_1.0.0.202411081344/tools/bin/../lib/gcc/arm-none-eabi/13.3.1/../../../../arm-none-eabi/lib/thumb/v7e-m+fp/hard\libc_nano.a(libc_a-closer.o) (errno)
C:/ST/STM32CubeIDE_1.18.0/STM32CubeIDE/plugins/com.st.stm32cube.ide.mcu.externaltools.gnu-tools-for-stm32.13.3.rel1.win32_1.0.0.202411081344/tools/bin/../lib/gcc/arm-none-eabi/13.3.1/../../../../arm-none-eabi/lib/thumb/v7e-m+fp/hard\libc_nano.a(libc_a-impure.o)
                              C:/ST/STM32CubeIDE_1.18.0/STM32CubeIDE/plugins/com.st.stm32cube.ide.mcu.externaltools.gnu-tools-for-stm32.13.3.rel1.win32_1.0.0.202411081344/tools/bin/../lib/gcc/arm-none-eabi/13.3.1/../../../../arm-none-eabi/lib/thumb/v7e-m+fp/hard\libc_nano.a(libc_a-reent.o) (_impure_ptr)
C:/ST/STM32CubeIDE_1.18.0/STM32CubeIDE/plugins/com.st.stm32cube.ide.mcu.externaltools.gnu-tools-for-stm32.13.3.rel1.win32_1.0.0.202411081344/tools/bin/../lib/gcc/arm-none-eabi/13.3.1/../../../../arm-none-eabi/lib/thumb/v7e-m+fp/hard\libc_nano.a(libc_a-lseekr.o)
[...]
Memory Configuration

Name             Origin             Length             Attributes
RAM              0x20000000         0x00020000         xrw
FLASH            0x08000000         0x00080000         xr
*default*        0x00000000         0xffffffff

Linker script and memory map

LOAD C:/ST/STM32CubeIDE_1.18.0/STM32CubeIDE/plugins/com.st.stm32cube.ide.mcu.externaltools.gnu-tools-for-stm32.13.3.rel1.win32_1.0.0.202411081344/tools/bin/../lib/gcc/arm-none-eabi/13.3.1/thumb/v7e-m+fp/hard/crti.o
LOAD C:/ST/STM32CubeIDE_1.18.0/STM32CubeIDE/plugins/com.st.stm32cube.ide.mcu.externaltools.gnu-tools-for-stm32.13.3.rel1.win32_1.0.0.202411081344/tools/bin/../lib/gcc/arm-none-eabi/13.3.1/thumb/v7e-m+fp/hard/crtbegin.o
LOAD C:/ST/STM32CubeIDE_1.18.0/STM32CubeIDE/plugins/com.st.stm32cube.ide.mcu.externaltools.gnu-tools-for-stm32.13.3.rel1.win32_1.0.0.202411081344/tools/bin/../lib/gcc/arm-none-eabi/13.3.1/../../../../arm-none-eabi/lib/thumb/v7e-m+fp/hard/crt0.o
LOAD ./Core/Src/main.o
LOAD ./Core/Src/stm32f4xx_hal_msp.o
LOAD ./Core/Src/stm32f4xx_it.o
LOAD ./Core/Src/syscalls.o
LOAD ./Core/Src/sysmem.o
LOAD ./Core/Src/system_stm32f4xx.o
LOAD ./Core/Startup/startup_stm32f411retx.o
LOAD ./Core/driver/Buzzer/Buzzer.o
LOAD ./Drivers/STM32F4xx_HAL_Driver/Src/stm32f4xx_hal.o
LOAD ./Drivers/STM32F4xx_HAL_Driver/Src/stm32f4xx_hal_cortex.o
LOAD ./Drivers/STM32F4xx_HAL_Driver/Src/stm32f4xx_hal_dma.o
LOAD ./Drivers/STM32F4xx_HAL_Driver/Src/stm32f4xx_hal_dma_ex.o
LOAD ./Drivers/STM32F4xx_HAL_Driver/Src/stm32f4xx_hal_exti.o
LOAD ./Drivers/STM32F4xx_HAL_Driver/Src/stm32f4xx_hal_flash.o
LOAD ./Drivers/STM32F4xx_HAL_Driver/Src/stm32f4xx_hal_flash_ex.o
LOAD ./Drivers/STM32F4xx_HAL_Driver/Src/stm32f4xx_hal_flash_ramfunc.o
LOAD ./Drivers/STM32F4xx_HAL_Driver/Src/stm32f4xx_hal_gpio.o
LOAD ./Drivers/STM32F4xx_HAL_Driver/Src/stm32f4xx_hal_pwr.o
LOAD ./Drivers/STM32F4xx_HAL_Driver/Src/stm32f4xx_hal_pwr_ex.o
LOAD ./Drivers/STM32F4xx_HAL_Driver/Src/stm32f4xx_hal_rcc.o
LOAD ./Drivers/STM32F4xx_HAL_Driver/Src/stm32f4xx_hal_rcc_ex.o
LOAD ./Drivers/STM32F4xx_HAL_Driver/Src/stm32f4xx_hal_tim.o
LOAD ./Drivers/STM32F4xx_HAL_Driver/Src/stm32f4xx_hal_tim_ex.o
LOAD ./Drivers/STM32F4xx_HAL_Driver/Src/stm32f4xx_hal_uart.o
START GROUP
LOAD C:/ST/STM32CubeIDE_1.18.0/STM32CubeIDE/plugins/com.st.stm32cube.ide.mcu.externaltools.gnu-tools-for-stm32.13.3.rel1.win32_1.0.0.202411081344/tools/bin/../lib/gcc/arm-none-eabi/13.3.1/../../../../arm-none-eabi/lib/thumb/v7e-m+fp/hard\libc_nano.a
LOAD C:/ST/STM32CubeIDE_1.18.0/STM32CubeIDE/plugins/com.st.stm32cube.ide.mcu.externaltools.gnu-tools-for-stm32.13.3.rel1.win32_1.0.0.202411081344/tools/bin/../lib/gcc/arm-none-eabi/13.3.1/../../../../arm-none-eabi/lib/thumb/v7e-m+fp/hard\libm.a
END GROUP
START GROUP
LOAD C:/ST/STM32CubeIDE_1.18.0/STM32CubeIDE/plugins/com.st.stm32cube.ide.mcu.externaltools.gnu-tools-for-stm32.13.3.rel1.win32_1.0.0.202411081344/tools/bin/../lib/gcc/arm-none-eabi/13.3.1/thumb/v7e-m+fp/hard\libgcc.a
LOAD C:/ST/STM32CubeIDE_1.18.0/STM32CubeIDE/plugins/com.st.stm32cube.ide.mcu.externaltools.gnu-tools-for-stm32.13.3.rel1.win32_1.0.0.202411081344/tools/bin/../lib/gcc/arm-none-eabi/13.3.1/../../../../arm-none-eabi/lib/thumb/v7e-m+fp/hard\libc_nano.a
END GROUP
START GROUP
LOAD C:/ST/STM32CubeIDE_1.18.0/STM32CubeIDE/plugins/com.st.stm32cube.ide.mcu.externaltools.gnu-tools-for-stm32.13.3.rel1.win32_1.0.0.202411081344/tools/bin/../lib/gcc/arm-none-eabi/13.3.1/thumb/v7e-m+fp/hard\libgcc.a
LOAD C:/ST/STM32CubeIDE_1.18.0/STM32CubeIDE/plugins/com.st.stm32cube.ide.mcu.externaltools.gnu-tools-for-stm32.13.3.rel1.win32_1.0.0.202411081344/tools/bin/../lib/gcc/arm-none-eabi/13.3.1/../../../../arm-none-eabi/lib/thumb/v7e-m+fp/hard\libc_nano.a
LOAD C:/ST/STM32CubeIDE_1.18.0/STM32CubeIDE/plugins/com.st.stm32cube.ide.mcu.externaltools.gnu-tools-for-stm32.13.3.rel1.win32_1.0.0.202411081344/tools/bin/../lib/gcc/arm-none-eabi/13.3.1/../../../../arm-none-eabi/lib/thumb/v7e-m+fp/hard\libnosys.a
END GROUP
START GROUP
LOAD C:/ST/STM32CubeIDE_1.18.0/STM32CubeIDE/plugins/com.st.stm32cube.ide.mcu.externaltools.gnu-tools-for-stm32.13.3.rel1.win32_1.0.0.202411081344/tools/bin/../lib/gcc/arm-none-eabi/13.3.1/thumb/v7e-m+fp/hard\libgcc.a
LOAD C:/ST/STM32CubeIDE_1.18.0/STM32CubeIDE/plugins/com.st.stm32cube.ide.mcu.externaltools.gnu-tools-for-stm32.13.3.rel1.win32_1.0.0.202411081344/tools/bin/../lib/gcc/arm-none-eabi/13.3.1/../../../../arm-none-eabi/lib/thumb/v7e-m+fp/hard\libc_nano.a
LOAD C:/ST/STM32CubeIDE_1.18.0/STM32CubeIDE/plugins/com.st.stm32cube.ide.mcu.externaltools.gnu-tools-for-stm32.13.3.rel1.win32_1.0.0.202411081344/tools/bin/../lib/gcc/arm-none-eabi/13.3.1/../../../../arm-none-eabi/lib/thumb/v7e-m+fp/hard\libnosys.a
END GROUP
LOAD C:/ST/STM32CubeIDE_1.18.0/STM32CubeIDE/plugins/com.st.stm32cube.ide.mcu.externaltools.gnu-tools-for-stm32.13.3.rel1.win32_1.0.0.202411081344/tools/bin/../lib/gcc/arm-none-eabi/13.3.1/thumb/v7e-m+fp/hard/crtend.o
LOAD C:/ST/STM32CubeIDE_1.18.0/STM32CubeIDE/plugins/com.st.stm32cube.ide.mcu.externaltools.gnu-tools-for-stm32.13.3.rel1.win32_1.0.0.202411081344/tools/bin/../lib/gcc/arm-none-eabi/13.3.1/thumb/v7e-m+fp/hard/crtn.o
                0x20020000                        _estack = (ORIGIN (RAM) + LENGTH (RAM))
                0x00000200                        _Min_Heap_Size = 0x200
                0x00000400                        _Min_Stack_Size = 0x400

.isr_vector     0x08000000      0x198
                0x08000000                        . = ALIGN (0x4)
 *(.isr_vector)
 .isr_vector    0x08000000      0x198 ./Core/Startup/startup_stm32f411retx.o
                0x08000000                g_pfnVectors
                0x08000198                        . = ALIGN (0x4)

.text           0x08000198     0x2d44
                0x08000198                        . = ALIGN (0x4)
 *(.text)
 .text          0x08000198       0x40 C:/ST/STM32CubeIDE_1.18.0/STM32CubeIDE/plugins/com.st.stm32cube.ide.mcu.externaltools.gnu-tools-for-stm32.13.3.rel1.win32_1.0.0.202411081344/tools/bin/../lib/gcc/arm-none-eabi/13.3.1/thumb/v7e-m+fp/hard/crtbegin.o
 .text          0x080001d8       0x30 C:/ST/STM32CubeIDE_1.18.0/STM32CubeIDE/plugins/com.st.stm32cube.ide.mcu.externaltools.gnu-tools-for-stm32.13.3.rel1.win32_1.0.0.202411081344/tools/bin/../lib/gcc/arm-none-eabi/13.3.1/thumb/v7e-m+fp/hard\libgcc.a(_aeabi_uldivmod.o)
                0x080001d8                __aeabi_uldivmod
 .text          0x08000208      0x2f8 C:/ST/STM32CubeIDE_1.18.0/STM32CubeIDE/plugins/com.st.stm32cube.ide.mcu.externaltools.gnu-tools-for-stm32.13.3.rel1.win32_1.0.0.202411081344/tools/bin/../lib/gcc/arm-none-eabi/13.3.1/thumb/v7e-m+fp/hard\libgcc.a(_udivmoddi4.o)
                0x08000208                __udivmoddi4
 .text          0x08000500        0x4 C:/ST/STM32CubeIDE_1.18.0/STM32CubeIDE/plugins/com.st.stm32cube.ide.mcu.externaltools.gnu-tools-for-stm32.13.3.rel1.win32_1.0.0.202411081344/tools/bin/../lib/gcc/arm-none-eabi/13.3.1/thumb/v7e-m+fp/hard\libgcc.a(_dvmd_tls.o)
                0x08000500                __aeabi_idiv0
                0x08000500                __aeabi_ldiv0
 *(.text*)
 .text.powerOnSound
                0x08000504       0x60 ./Core/Src/main.o
                0x08000504                powerOnSound
 .text.main     0x08000564       0x40 ./Core/Src/main.o
                0x08000564                main
 .text.SystemClock_Config
                0x080005a4       0xd0 ./Core/Src/main.o
                0x080005a4                SystemClock_Config
 .text.MX_TIM3_Init
                0x08000674       0xf0 ./Core/Src/main.o
 .text.MX_USART2_UART_Init
                0x08000764       0x54 ./Core/Src/main.o
 .text.MX_GPIO_Init
                0x080007b8       0x84 ./Core/Src/main.o
 .text.Error_Handler
                0x0800083c        0xc ./Core/Src/main.o
                0x0800083c                Error_Handler
 .text.HAL_MspInit
                0x08000848       0x50 ./Core/Src/stm32f4xx_hal_msp.o
                0x08000848                HAL_MspInit
 .text.HAL_TIM_Base_MspInit
                0x08000898       0x44 ./Core/Src/stm32f4xx_hal_msp.o
                0x08000898                HAL_TIM_Base_MspInit
 .text.HAL_TIM_MspPostInit
                0x080008dc       0x74 ./Core/Src/stm32f4xx_hal_msp.o
                0x080008dc                HAL_TIM_MspPostInit
 .text.HAL_UART_MspInit
                0x08000950       0x90 ./Core/Src/stm32f4xx_hal_msp.o
                0x08000950                HAL_UART_MspInit
 .text.NMI_Handler
                0x080009e0        0x8 ./Core/Src/stm32f4xx_it.o
                0x080009e0                NMI_Handler
 .text.HardFault_Handler
                0x080009e8        0x8 ./Core/Src/stm32f4xx_it.o
                0x080009e8                HardFault_Handler
 .text.MemManage_Handler
                0x080009f0        0x8 ./Core/Src/stm32f4xx_it.o
                0x080009f0                MemManage_Handler
 .text.BusFault_Handler
                0x080009f8        0x8 ./Core/Src/stm32f4xx_it.o
                0x080009f8                BusFault_Handler
 .text.UsageFault_Handler
                0x08000a00        0x8 ./Core/Src/stm32f4xx_it.o
                0x08000a00                UsageFault_Handler
 .text.SVC_Handler
                0x08000a08        0xe ./Core/Src/stm32f4xx_it.o
                0x08000a08                SVC_Handler
 .text.DebugMon_Handler
                0x08000a16        0xe ./Core/Src/stm32f4xx_it.o
                0x08000a16                DebugMon_Handler
 .text.PendSV_Handler
                0x08000a24        0xe ./Core/Src/stm32f4xx_it.o
                0x08000a24                PendSV_Handler
 .text.SysTick_Handler
                0x08000a32        0xc ./Core/Src/stm32f4xx_it.o
                0x08000a32                SysTick_Handler
 *fill*         0x08000a3e        0x2 
 .text.SystemInit
                0x08000a40       0x24 ./Core/Src/system_stm32f4xx.o
                0x08000a40                SystemInit
 .text.Reset_Handler
                0x08000a64       0x50 ./Core/Startup/startup_stm32f411retx.o
                0x08000a64                Reset_Handler
 .text.Default_Handler
                0x08000ab4        0x2 ./Core/Startup/startup_stm32f411retx.o
                0x08000ab4                RTC_Alarm_IRQHandler
                0x08000ab4                EXTI2_IRQHandler
                0x08000ab4                SPI4_IRQHandler
                0x08000ab4                TIM1_CC_IRQHandler
                0x08000ab4                DMA2_Stream5_IRQHandler
                0x08000ab4                DMA1_Stream5_IRQHandler
                0x08000ab4                PVD_IRQHandler
                0x08000ab4                SDIO_IRQHandler
                0x08000ab4                TAMP_STAMP_IRQHandler
                0x08000ab4                EXTI3_IRQHandler
                0x08000ab4                TIM1_UP_TIM10_IRQHandler
                0x08000ab4                I2C3_ER_IRQHandler
                0x08000ab4                EXTI0_IRQHandler
                0x08000ab4                I2C2_EV_IRQHandler
                0x08000ab4                DMA1_Stream2_IRQHandler
                0x08000ab4                FPU_IRQHandler
                0x08000ab4                DMA2_Stream2_IRQHandler
                0x08000ab4                SPI1_IRQHandler
                0x08000ab4                TIM1_BRK_TIM9_IRQHandler
                0x08000ab4                DMA2_Stream3_IRQHandler
                0x08000ab4                USART6_IRQHandler
                0x08000ab4                DMA2_Stream0_IRQHandler
                0x08000ab4                TIM4_IRQHandler
                0x08000ab4                I2C1_EV_IRQHandler
                0x08000ab4                DMA1_Stream6_IRQHandler
                0x08000ab4                DMA1_Stream1_IRQHandler
                0x08000ab4                TIM3_IRQHandler
                0x08000ab4                RCC_IRQHandler
                0x08000ab4                Default_Handler
                0x08000ab4                EXTI15_10_IRQHandler
                0x08000ab4                ADC_IRQHandler
                0x08000ab4                DMA1_Stream7_IRQHandler
                0x08000ab4                SPI5_IRQHandler
                0x08000ab4                TIM5_IRQHandler
                0x08000ab4                DMA2_Stream7_IRQHandler
                0x08000ab4                I2C3_EV_IRQHandler
                0x08000ab4                EXTI9_5_IRQHandler
                0x08000ab4                RTC_WKUP_IRQHandler
                0x08000ab4                SPI2_IRQHandler
                0x08000ab4                DMA1_Stream0_IRQHandler
                0x08000ab4                EXTI4_IRQHandler
                0x08000ab4                WWDG_IRQHandler
                0x08000ab4                TIM2_IRQHandler
                0x08000ab4                OTG_FS_WKUP_IRQHandler
                0x08000ab4                TIM1_TRG_COM_TIM11_IRQHandler
                0x08000ab4                EXTI1_IRQHandler
                0x08000ab4                USART2_IRQHandler
                0x08000ab4                I2C2_ER_IRQHandler
                0x08000ab4                DMA2_Stream1_IRQHandler
                0x08000ab4                FLASH_IRQHandler
                0x08000ab4                DMA2_Stream4_IRQHandler
                0x08000ab4                USART1_IRQHandler
                0x08000ab4                OTG_FS_IRQHandler
                0x08000ab4                SPI3_IRQHandler
                0x08000ab4                DMA1_Stream4_IRQHandler
                0x08000ab4                I2C1_ER_IRQHandler
                0x08000ab4                DMA2_Stream6_IRQHandler
                0x08000ab4                DMA1_Stream3_IRQHandler
 *fill*         0x08000ab6        0x2 
 .text.Buzzer_init
                0x08000ab8       0x2c ./Core/driver/Buzzer/Buzzer.o
                0x08000ab8                Buzzer_init
 .text.Buzzer_makeSound
                0x08000ae4       0x98 ./Core/driver/Buzzer/Buzzer.o
                0x08000ae4                Buzzer_makeSound
 .text.Buzzer_startSound
                0x08000b7c       0x20 ./Core/driver/Buzzer/Buzzer.o
                0x08000b7c                Buzzer_startSound
 .text.Buzzer_stopSound
                0x08000b9c       0x20 ./Core/driver/Buzzer/Buzzer.o
                0x08000b9c                Buzzer_stopSound
 .text.HAL_Init
                0x08000bbc       0x44 ./Drivers/STM32F4xx_HAL_Driver/Src/stm32f4xx_hal.o
                0x08000bbc                HAL_Init
 .text.HAL_InitTick
                0x08000c00       0x60 ./Drivers/STM32F4xx_HAL_Driver/Src/stm32f4xx_hal.o
                0x08000c00                HAL_InitTick
 .text.HAL_IncTick
                0x08000c60       0x28 ./Drivers/STM32F4xx_HAL_Driver/Src/stm32f4xx_hal.o
                0x08000c60                HAL_IncTick
 .text.HAL_GetTick
                0x08000c88       0x18 ./Drivers/STM32F4xx_HAL_Driver/Src/stm32f4xx_hal.o
                0x08000c88                HAL_GetTick
 .text.HAL_Delay
                0x08000ca0       0x48 ./Drivers/STM32F4xx_HAL_Driver/Src/stm32f4xx_hal.o
                0x08000ca0                HAL_Delay
 .text.__NVIC_SetPriorityGrouping
                0x08000ce8       0x48 ./Drivers/STM32F4xx_HAL_Driver/Src/stm32f4xx_hal_cortex.o
 .text.__NVIC_GetPriorityGrouping
                0x08000d30       0x1c ./Drivers/STM32F4xx_HAL_Driver/Src/stm32f4xx_hal_cortex.o
 .text.__NVIC_SetPriority
                0x08000d4c       0x54 ./Drivers/STM32F4xx_HAL_Driver/Src/stm32f4xx_hal_cortex.o
 .text.NVIC_EncodePriority
                0x08000da0       0x66 ./Drivers/STM32F4xx_HAL_Driver/Src/stm32f4xx_hal_cortex.o
 *fill*         0x08000e06        0x2 
 .text.SysTick_Config
                0x08000e08       0x44 ./Drivers/STM32F4xx_HAL_Driver/Src/stm32f4xx_hal_cortex.o
 .text.HAL_NVIC_SetPriorityGrouping
                0x08000e4c       0x16 ./Drivers/STM32F4xx_HAL_Driver/Src/stm32f4xx_hal_cortex.o
                0x08000e4c                HAL_NVIC_SetPriorityGrouping
 .text.HAL_NVIC_SetPriority
                0x08000e62       0x38 ./Drivers/STM32F4xx_HAL_Driver/Src/stm32f4xx_hal_cortex.o
                0x08000e62                HAL_NVIC_SetPriority
 .text.HAL_SYSTICK_Config
                0x08000e9a       0x18 ./Drivers/STM32F4xx_HAL_Driver/Src/stm32f4xx_hal_cortex.o
                0x08000e9a                HAL_SYSTICK_Config
 *fill*         0x08000eb2        0x2 
 .text.HAL_GPIO_Init
                0x08000eb4      0x308 ./Drivers/STM32F4xx_HAL_Driver/Src/stm32f4xx_hal_gpio.o
                0x08000eb4                HAL_GPIO_Init
 .text.HAL_GPIO_WritePin
                0x080011bc       0x32 ./Drivers/STM32F4xx_HAL_Driver/Src/stm32f4xx_hal_gpio.o
                0x080011bc                HAL_GPIO_WritePin
 *fill*         0x080011ee        0x2 
 .text.HAL_RCC_OscConfig
                0x080011f0      0x4f0 ./Drivers/STM32F4xx_HAL_Driver/Src/stm32f4xx_hal_rcc.o
                0x080011f0                HAL_RCC_OscConfig
 .text.HAL_RCC_ClockConfig
                0x080016e0      0x1cc ./Drivers/STM32F4xx_HAL_Driver/Src/stm32f4xx_hal_rcc.o
                0x080016e0                HAL_RCC_ClockConfig
 .text.HAL_RCC_GetSysClockFreq
                0x080018ac      0x20c ./Drivers/STM32F4xx_HAL_Driver/Src/stm32f4xx_hal_rcc.o
                0x080018ac                HAL_RCC_GetSysClockFreq
 .text.HAL_RCC_GetHCLKFreq
                0x08001ab8       0x18 ./Drivers/STM32F4xx_HAL_Driver/Src/stm32f4xx_hal_rcc.o
                0x08001ab8                HAL_RCC_GetHCLKFreq
 .text.HAL_RCC_GetPCLK1Freq
                0x08001ad0       0x28 ./Drivers/STM32F4xx_HAL_Driver/Src/stm32f4xx_hal_rcc.o
                0x08001ad0                HAL_RCC_GetPCLK1Freq
 .text.HAL_RCC_GetPCLK2Freq
                0x08001af8       0x28 ./Drivers/STM32F4xx_HAL_Driver/Src/stm32f4xx_hal_rcc.o
                0x08001af8                HAL_RCC_GetPCLK2Freq
 .text.HAL_TIM_Base_Init
                0x08001b20       0x9e ./Drivers/STM32F4xx_HAL_Driver/Src/stm32f4xx_hal_tim.o
                0x08001b20                HAL_TIM_Base_Init
 *fill*         0x08001bbe        0x2 
 .text.HAL_TIM_Base_Start
                0x08001bc0       0xb4 ./Drivers/STM32F4xx_HAL_Driver/Src/stm32f4xx_hal_tim.o
                0x08001bc0                HAL_TIM_Base_Start
 .text.HAL_TIM_PWM_Init
                0x08001c74       0x9e ./Drivers/STM32F4xx_HAL_Driver/Src/stm32f4xx_hal_tim.o
                0x08001c74                HAL_TIM_PWM_Init
 .text.HAL_TIM_PWM_MspInit
                0x08001d12       0x14 ./Drivers/STM32F4xx_HAL_Driver/Src/stm32f4xx_hal_tim.o
                0x08001d12                HAL_TIM_PWM_MspInit
 *fill*         0x08001d26        0x2 
 .text.HAL_TIM_PWM_Start
                0x08001d28      0x160 ./Drivers/STM32F4xx_HAL_Driver/Src/stm32f4xx_hal_tim.o
                0x08001d28                HAL_TIM_PWM_Start
 .text.HAL_TIM_PWM_Stop
                0x08001e88       0xc8 ./Drivers/STM32F4xx_HAL_Driver/Src/stm32f4xx_hal_tim.o
                0x08001e88                HAL_TIM_PWM_Stop
 .text.HAL_TIM_PWM_ConfigChannel
                0x08001f50      0x184 ./Drivers/STM32F4xx_HAL_Driver/Src/stm32f4xx_hal_tim.o
                0x08001f50                HAL_TIM_PWM_ConfigChannel
 .text.HAL_TIM_ConfigClockSource
                0x080020d4      0x18e ./Drivers/STM32F4xx_HAL_Driver/Src/stm32f4xx_hal_tim.o
                0x080020d4                HAL_TIM_ConfigClockSource
 *fill*         0x08002262        0x2 
 .text.TIM_Base_SetConfig
                0x08002264      0x10c ./Drivers/STM32F4xx_HAL_Driver/Src/stm32f4xx_hal_tim.o
                0x08002264                TIM_Base_SetConfig
 .text.TIM_OC1_SetConfig
                0x08002370       0xcc ./Drivers/STM32F4xx_HAL_Driver/Src/stm32f4xx_hal_tim.o
 .text.TIM_OC2_SetConfig
                0x0800243c       0xd8 ./Drivers/STM32F4xx_HAL_Driver/Src/stm32f4xx_hal_tim.o
                0x0800243c                TIM_OC2_SetConfig
 .text.TIM_OC3_SetConfig
                0x08002514       0xd4 ./Drivers/STM32F4xx_HAL_Driver/Src/stm32f4xx_hal_tim.o
 .text.TIM_OC4_SetConfig
                0x080025e8       0xa0 ./Drivers/STM32F4xx_HAL_Driver/Src/stm32f4xx_hal_tim.o
 .text.TIM_TI1_ConfigInputStage
                0x08002688       0x5e ./Drivers/STM32F4xx_HAL_Driver/Src/stm32f4xx_hal_tim.o
 .text.TIM_TI2_ConfigInputStage
                0x080026e6       0x60 ./Drivers/STM32F4xx_HAL_Driver/Src/stm32f4xx_hal_tim.o
 .text.TIM_ITRx_SetConfig
                0x08002746       0x36 ./Drivers/STM32F4xx_HAL_Driver/Src/stm32f4xx_hal_tim.o
 .text.TIM_ETR_SetConfig
                0x0800277c       0x40 ./Drivers/STM32F4xx_HAL_Driver/Src/stm32f4xx_hal_tim.o
                0x0800277c                TIM_ETR_SetConfig
 .text.TIM_CCxChannelCmd
                0x080027bc       0x4a ./Drivers/STM32F4xx_HAL_Driver/Src/stm32f4xx_hal_tim.o
                0x080027bc                TIM_CCxChannelCmd
 *fill*         0x08002806        0x2 
 .text.HAL_TIMEx_MasterConfigSynchronization
                0x08002808       0xdc ./Drivers/STM32F4xx_HAL_Driver/Src/stm32f4xx_hal_tim_ex.o
                0x08002808                HAL_TIMEx_MasterConfigSynchronization
 .text.HAL_UART_Init
                0x080028e4       0xa0 ./Drivers/STM32F4xx_HAL_Driver/Src/stm32f4xx_hal_uart.o
                0x080028e4                HAL_UART_Init
 .text.UART_SetConfig
                0x08002984      0x4e8 ./Drivers/STM32F4xx_HAL_Driver/Src/stm32f4xx_hal_uart.o
 .text.memset   0x08002e6c       0x10 C:/ST/STM32CubeIDE_1.18.0/STM32CubeIDE/plugins/com.st.stm32cube.ide.mcu.externaltools.gnu-tools-for-stm32.13.3.rel1.win32_1.0.0.202411081344/tools/bin/../lib/gcc/arm-none-eabi/13.3.1/../../../../arm-none-eabi/lib/thumb/v7e-m+fp/hard\libc_nano.a(libc_a-memset.o)
                0x08002e6c                memset
 .text.__libc_init_array
                0x08002e7c       0x48 C:/ST/STM32CubeIDE_1.18.0/STM32CubeIDE/plugins/com.st.stm32cube.ide.mcu.externaltools.gnu-tools-for-stm32.13.3.rel1.win32_1.0.0.202411081344/tools/bin/../lib/gcc/arm-none-eabi/13.3.1/../../../../arm-none-eabi/lib/thumb/v7e-m+fp/hard\libc_nano.a(libc_a-init.o)
                0x08002e7c                __libc_init_array
 *(.glue_7)
 .glue_7        0x08002ec4        0x0 linker stubs
 *(.glue_7t)
 .glue_7t       0x08002ec4        0x0 linker stubs
 *(.eh_frame)
 .eh_frame      0x08002ec4        0x0 C:/ST/STM32CubeIDE_1.18.0/STM32CubeIDE/plugins/com.st.stm32cube.ide.mcu.externaltools.gnu-tools-for-stm32.13.3.rel1.win32_1.0.0.202411081344/tools/bin/../lib/gcc/arm-none-eabi/13.3.1/thumb/v7e-m+fp/hard/crtbegin.o
 *(.init)
 .init          0x08002ec4        0x4 C:/ST/STM32CubeIDE_1.18.0/STM32CubeIDE/plugins/com.st.stm32cube.ide.mcu.externaltools.gnu-tools-for-stm32.13.3.rel1.win32_1.0.0.202411081344/tools/bin/../lib/gcc/arm-none-eabi/13.3.1/thumb/v7e-m+fp/hard/crti.o
                0x08002ec4                _init
 .init          0x08002ec8        0x8 C:/ST/STM32CubeIDE_1.18.0/STM32CubeIDE/plugins/com.st.stm32cube.ide.mcu.externaltools.gnu-tools-for-stm32.13.3.rel1.win32_1.0.0.202411081344/tools/bin/../lib/gcc/arm-none-eabi/13.3.1/thumb/v7e-m+fp/hard/crtn.o
 *(.fini)
 .fini          0x08002ed0        0x4 C:/ST/STM32CubeIDE_1.18.0/STM32CubeIDE/plugins/com.st.stm32cube.ide.mcu.externaltools.gnu-tools-for-stm32.13.3.rel1.win32_1.0.0.202411081344/tools/bin/../lib/gcc/arm-none-eabi/13.3.1/thumb/v7e-m+fp/hard/crti.o
                0x08002ed0                _fini
 .fini          0x08002ed4        0x8 C:/ST/STM32CubeIDE_1.18.0/STM32CubeIDE/plugins/com.st.stm32cube.ide.mcu.externaltools.gnu-tools-for-stm32.13.3.rel1.win32_1.0.0.202411081344/tools/bin/../lib/gcc/arm-none-eabi/13.3.1/thumb/v7e-m+fp/hard/crtn.o
                0x08002edc                        . = ALIGN (0x4)
                0x08002edc                        _etext = .

.vfp11_veneer   0x08002edc        0x0
 .vfp11_veneer  0x08002edc        0x0 linker stubs

.v4_bx          0x08002edc        0x0
 .v4_bx         0x08002edc        0x0 linker stubs

.iplt           0x08002edc        0x0
 .iplt          0x08002edc        0x0 C:/ST/STM32CubeIDE_1.18.0/STM32CubeIDE/plugins/com.st.stm32cube.ide.mcu.externaltools.gnu-tools-for-stm32.13.3.rel1.win32_1.0.0.202411081344/tools/bin/../lib/gcc/arm-none-eabi/13.3.1/thumb/v7e-m+fp/hard/crtbegin.o

.rodata         0x08002edc       0x18
                0x08002edc                        . = ALIGN (0x4)
 *(.rodata)
 *(.rodata*)
 .rodata.AHBPrescTable
                0x08002edc       0x10 ./Core/Src/system_stm32f4xx.o
                0x08002edc                AHBPrescTable
 .rodata.APBPrescTable
                0x08002eec        0x8 ./Core/Src/system_stm32f4xx.o
                0x08002eec                APBPrescTable
                0x08002ef4                        . = ALIGN (0x4)

.ARM.extab      0x08002ef4        0x0
                0x08002ef4                        . = ALIGN (0x4)
 *(.ARM.extab* .gnu.linkonce.armextab.*)
                0x08002ef4                        . = ALIGN (0x4)

.ARM            0x08002ef4        0x8
                0x08002ef4                        . = ALIGN (0x4)
                0x08002ef4                        __exidx_start = .
 *(.ARM.exidx*)
 .ARM.exidx     0x08002ef4        0x8 C:/ST/STM32CubeIDE_1.18.0/STM32CubeIDE/plugins/com.st.stm32cube.ide.mcu.externaltools.gnu-tools-for-stm32.13.3.rel1.win32_1.0.0.202411081344/tools/bin/../lib/gcc/arm-none-eabi/13.3.1/thumb/v7e-m+fp/hard\libgcc.a(_udivmoddi4.o)
                0x08002efc                        __exidx_end = .
                0x08002efc                        . = ALIGN (0x4)

.preinit_array  0x08002efc        0x0
                0x08002efc                        . = ALIGN (0x4)
                0x08002efc                        PROVIDE (__preinit_array_start = .)
 *(.preinit_array*)
                0x08002efc                        PROVIDE (__preinit_array_end = .)
                0x08002efc                        . = ALIGN (0x4)

.init_array     0x08002efc        0x4
                0x08002efc                        . = ALIGN (0x4)
                0x08002efc                        PROVIDE (__init_array_start = .)
 *(SORT_BY_NAME(.init_array.*))
 *(.init_array*)
 .init_array    0x08002efc        0x4 C:/ST/STM32CubeIDE_1.18.0/STM32CubeIDE/plugins/com.st.stm32cube.ide.mcu.externaltools.gnu-tools-for-stm32.13.3.rel1.win32_1.0.0.202411081344/tools/bin/../lib/gcc/arm-none-eabi/13.3.1/thumb/v7e-m+fp/hard/crtbegin.o
                0x08002f00                        PROVIDE (__init_array_end = .)
                0x08002f00                        . = ALIGN (0x4)

.fini_array     0x08002f00        0x4
                0x08002f00                        . = ALIGN (0x4)
                [!provide]                        PROVIDE (__fini_array_start = .)
 *(SORT_BY_NAME(.fini_array.*))
 *(.fini_array*)
 .fini_array    0x08002f00        0x4 C:/ST/STM32CubeIDE_1.18.0/STM32CubeIDE/plugins/com.st.stm32cube.ide.mcu.externaltools.gnu-tools-for-stm32.13.3.rel1.win32_1.0.0.202411081344/tools/bin/../lib/gcc/arm-none-eabi/13.3.1/thumb/v7e-m+fp/hard/crtbegin.o
                [!provide]                        PROVIDE (__fini_array_end = .)
                0x08002f04                        . = ALIGN (0x4)
                0x08002f04                        _sidata = LOADADDR (.data)

.rel.dyn        0x08002f04        0x0
 .rel.iplt      0x08002f04        0x0 C:/ST/STM32CubeIDE_1.18.0/STM32CubeIDE/plugins/com.st.stm32cube.ide.mcu.externaltools.gnu-tools-for-stm32.13.3.rel1.win32_1.0.0.202411081344/tools/bin/../lib/gcc/arm-none-eabi/13.3.1/thumb/v7e-m+fp/hard/crtbegin.o

.data           0x20000000        0xc load address 0x08002f04
                0x20000000                        . = ALIGN (0x4)
                0x20000000                        _sdata = .
 *(.data)
 *(.data*)
 .data.SystemCoreClock
                0x20000000        0x4 ./Core/Src/system_stm32f4xx.o
                0x20000000                SystemCoreClock
 .data.uwTickPrio
                0x20000004        0x4 ./Drivers/STM32F4xx_HAL_Driver/Src/stm32f4xx_hal.o
                0x20000004                uwTickPrio
 .data.uwTickFreq
                0x20000008        0x1 ./Drivers/STM32F4xx_HAL_Driver/Src/stm32f4xx_hal.o
                0x20000008                uwTickFreq
 *(.RamFunc)
 *(.RamFunc*)
                0x2000000c                        . = ALIGN (0x4)
 *fill*         0x20000009        0x3 
                0x2000000c                        _edata = .

.igot.plt       0x2000000c        0x0 load address 0x08002f10
 .igot.plt      0x2000000c        0x0 C:/ST/STM32CubeIDE_1.18.0/STM32CubeIDE/plugins/com.st.stm32cube.ide.mcu.externaltools.gnu-tools-for-stm32.13.3.rel1.win32_1.0.0.202411081344/tools/bin/../lib/gcc/arm-none-eabi/13.3.1/thumb/v7e-m+fp/hard/crtbegin.o
                0x2000000c                        . = ALIGN (0x4)

.bss            0x2000000c       0xb8 load address 0x08002f10
                0x2000000c                        _sbss = .
                0x2000000c                        __bss_start__ = _sbss
 *(.bss)
 .bss           0x2000000c       0x1c C:/ST/STM32CubeIDE_1.18.0/STM32CubeIDE/plugins/com.st.stm32cube.ide.mcu.externaltools.gnu-tools-for-stm32.13.3.rel1.win32_1.0.0.202411081344/tools/bin/../lib/gcc/arm-none-eabi/13.3.1/thumb/v7e-m+fp/hard/crtbegin.o
 *(.bss*)
 .bss.htim3     0x20000028       0x48 ./Core/Src/main.o
                0x20000028                htim3
 .bss.huart2    0x20000070       0x48 ./Core/Src/main.o
                0x20000070                huart2
 .bss.hBuzzerTim
                0x200000b8        0x4 ./Core/driver/Buzzer/Buzzer.o
                0x200000b8                hBuzzerTim
 .bss.buzzerChannel
                0x200000bc        0x4 ./Core/driver/Buzzer/Buzzer.o
                0x200000bc                buzzerChannel
 .bss.uwTick    0x200000c0        0x4 ./Drivers/STM32F4xx_HAL_Driver/Src/stm32f4xx_hal.o
                0x200000c0                uwTick
 *(COMMON)
                0x200000c4                        . = ALIGN (0x4)
                0x200000c4                        _ebss = .
                0x200000c4                        __bss_end__ = _ebss

._user_heap_stack
                0x200000c4      0x604 load address 0x08002f10
                0x200000c8                        . = ALIGN (0x8)
 *fill*         0x200000c4        0x4 
                [!provide]                        PROVIDE (end = .)
                0x200000c8                        PROVIDE (_end = .)
                0x200002c8                        . = (. + _Min_Heap_Size)
 *fill*         0x200000c8      0x200 
                0x200006c8                        . = (. + _Min_Stack_Size)
 *fill*         0x200002c8      0x400 
                0x200006c8                        . = ALIGN (0x8)

/DISCARD/
 libc.a(*)
 libm.a(*)
 libgcc.a(*)

.ARM.attributes
                0x00000000       0x30
 *(.ARM.attributes)
 .ARM.attributes
                0x00000000       0x22 C:/ST/STM32CubeIDE_1.18.0/STM32CubeIDE/plugins/com.st.stm32cube.ide.mcu.externaltools.gnu-tools-for-stm32.13.3.rel1.win32_1.0.0.202411081344/tools/bin/../lib/gcc/arm-none-eabi/13.3.1/thumb/v7e-m+fp/hard/crti.o
 .ARM.attributes
                0x00000022       0x34 C:/ST/STM32CubeIDE_1.18.0/STM32CubeIDE/plugins/com.st.stm32cube.ide.mcu.externaltools.gnu-tools-for-stm32.13.3.rel1.win32_1.0.0.202411081344/tools/bin/../lib/gcc/arm-none-eabi/13.3.1/thumb/v7e-m+fp/hard/crtbegin.o
 .ARM.attributes
                0x00000056       0x34 ./Core/Src/main.o
 .ARM.attributes
                0x0000008a       0x34 ./Core/Src/stm32f4xx_hal_msp.o
 .ARM.attributes
                0x000000be       0x34 ./Core/Src/stm32f4xx_it.o
 .ARM.attributes
                0x000000f2       0x34 ./Core/Src/system_stm32f4xx.o
 .ARM.attributes
                0x00000126       0x21 ./Core/Startup/startup_stm32f411retx.o
 .ARM.attributes
                0x00000147       0x34 ./Core/driver/Buzzer/Buzzer.o
 .ARM.attributes
                0x0000017b       0x34 ./Drivers/STM32F4xx_HAL_Driver/Src/stm32f4xx_hal.o
 .ARM.attributes
                0x000001af       0x34 ./Drivers/STM32F4xx_HAL_Driver/Src/stm32f4xx_hal_cortex.o
 .ARM.attributes
                0x000001e3       0x34 ./Drivers/STM32F4xx_HAL_Driver/Src/stm32f4xx_hal_gpio.o
 .ARM.attributes
                0x00000217       0x34 ./Drivers/STM32F4xx_HAL_Driver/Src/stm32f4xx_hal_rcc.o
 .ARM.attributes
                0x0000024b       0x34 ./Drivers/STM32F4xx_HAL_Driver/Src/stm32f4xx_hal_tim.o
 .ARM.attributes
                0x0000027f       0x34 ./Drivers/STM32F4xx_HAL_Driver/Src/stm32f4xx_hal_tim_ex.o
 .ARM.attributes
                0x000002b3       0x34 ./Drivers/STM32F4xx_HAL_Driver/Src/stm32f4xx_hal_uart.o
 .ARM.attributes
                0x000002e7       0x34 C:/ST/STM32CubeIDE_1.18.0/STM32CubeIDE/plugins/com.st.stm32cube.ide.mcu.externaltools.gnu-tools-for-stm32.13.3.rel1.win32_1.0.0.202411081344/tools/bin/../lib/gcc/arm-none-eabi/13.3.1/../../../../arm-none-eabi/lib/thumb/v7e-m+fp/hard\libc_nano.a(libc_a-memset.o)
 .ARM.attributes
                0x0000031b       0x34 C:/ST/STM32CubeIDE_1.18.0/STM32CubeIDE/plugins/com.st.stm32cube.ide.mcu.externaltools.gnu-tools-for-stm32.13.3.rel1.win32_1.0.0.202411081344/tools/bin/../lib/gcc/arm-none-eabi/13.3.1/../../../../arm-none-eabi/lib/thumb/v7e-m+fp/hard\libc_nano.a(libc_a-init.o)
 .ARM.attributes
                0x0000034f       0x22 C:/ST/STM32CubeIDE_1.18.0/STM32CubeIDE/plugins/com.st.stm32cube.ide.mcu.externaltools.gnu-tools-for-stm32.13.3.rel1.win32_1.0.0.202411081344/tools/bin/../lib/gcc/arm-none-eabi/13.3.1/thumb/v7e-m+fp/hard\libgcc.a(_aeabi_uldivmod.o)
 .ARM.attributes
                0x00000371       0x34 C:/ST/STM32CubeIDE_1.18.0/STM32CubeIDE/plugins/com.st.stm32cube.ide.mcu.externaltools.gnu-tools-for-stm32.13.3.rel1.win32_1.0.0.202411081344/tools/bin/../lib/gcc/arm-none-eabi/13.3.1/thumb/v7e-m+fp/hard\libgcc.a(_udivmoddi4.o)
 .ARM.attributes
                0x000003a5       0x22 C:/ST/STM32CubeIDE_1.18.0/STM32CubeIDE/plugins/com.st.stm32cube.ide.mcu.externaltools.gnu-tools-for-stm32.13.3.rel1.win32_1.0.0.202411081344/tools/bin/../lib/gcc/arm-none-eabi/13.3.1/thumb/v7e-m+fp/hard\libgcc.a(_dvmd_tls.o)
 .ARM.attributes
                0x000003c7       0x22 C:/ST/STM32CubeIDE_1.18.0/STM32CubeIDE/plugins/com.st.stm32cube.ide.mcu.externaltools.gnu-tools-for-stm32.13.3.rel1.win32_1.0.0.202411081344/tools/bin/../lib/gcc/arm-none-eabi/13.3.1/thumb/v7e-m+fp/hard/crtn.o
OUTPUT(Project_3.elf elf32-littlearm)
LOAD linker stubs
LOAD C:/ST/STM32CubeIDE_1.18.0/STM32CubeIDE/plugins/com.st.stm32cube.ide.mcu.externaltools.gnu-tools-for-stm32.13.3.rel1.win32_1.0.0.202411081344/tools/bin/../lib/gcc/arm-none-eabi/13.3.1/../../../../arm-none-eabi/lib/thumb/v7e-m+fp/hard\libc.a
LOAD C:/ST/STM32CubeIDE_1.18.0/STM32CubeIDE/plugins/com.st.stm32cube.ide.mcu.externaltools.gnu-tools-for-stm32.13.3.rel1.win32_1.0.0.202411081344/tools/bin/../lib/gcc/arm-none-eabi/13.3.1/../../../../arm-none-eabi/lib/thumb/v7e-m+fp/hard\libm.a
LOAD C:/ST/STM32CubeIDE_1.18.0/STM32CubeIDE/plugins/com.st.stm32cube.ide.mcu.externaltools.gnu-tools-for-stm32.13.3.rel1.win32_1.0.0.202411081344/tools/bin/../lib/gcc/arm-none-eabi/13.3.1/thumb/v7e-m+fp/hard\libgcc.a

.debug_info     0x00000000     0xc01b
 .debug_info    0x00000000     0x11d8 ./Core/Src/main.o
 .debug_info    0x000011d8      0xd2a ./Core/Src/stm32f4xx_hal_msp.o
 .debug_info    0x00001f02      0x112 ./Core/Src/stm32f4xx_it.o
 .debug_info    0x00002014      0x53e ./Core/Src/system_stm32f4xx.o
 .debug_info    0x00002552       0x30 ./Core/Startup/startup_stm32f411retx.o
 .debug_info    0x00002582      0x71c ./Core/driver/Buzzer/Buzzer.o
 .debug_info    0x00002c9e      0x8c4 ./Drivers/STM32F4xx_HAL_Driver/Src/stm32f4xx_hal.o
 .debug_info    0x00003562      0xcfc ./Drivers/STM32F4xx_HAL_Driver/Src/stm32f4xx_hal_cortex.o
 .debug_info    0x0000425e      0x6f9 ./Drivers/STM32F4xx_HAL_Driver/Src/stm32f4xx_hal_gpio.o
 .debug_info    0x00004957      0x904 ./Drivers/STM32F4xx_HAL_Driver/Src/stm32f4xx_hal_rcc.o
 .debug_info    0x0000525b     0x2996 ./Drivers/STM32F4xx_HAL_Driver/Src/stm32f4xx_hal_tim.o
 .debug_info    0x00007bf1     0x14d4 ./Drivers/STM32F4xx_HAL_Driver/Src/stm32f4xx_hal_tim_ex.o
 .debug_info    0x000090c5     0x2f56 ./Drivers/STM32F4xx_HAL_Driver/Src/stm32f4xx_hal_uart.o

.debug_abbrev   0x00000000     0x1a6e
 .debug_abbrev  0x00000000      0x2e3 ./Core/Src/main.o
 .debug_abbrev  0x000002e3      0x1dc ./Core/Src/stm32f4xx_hal_msp.o
 .debug_abbrev  0x000004bf       0x73 ./Core/Src/stm32f4xx_it.o
 .debug_abbrev  0x00000532      0x11a ./Core/Src/system_stm32f4xx.o
 .debug_abbrev  0x0000064c       0x24 ./Core/Startup/startup_stm32f411retx.o
 .debug_abbrev  0x00000670      0x1d1 ./Core/driver/Buzzer/Buzzer.o
 .debug_abbrev  0x00000841      0x24b ./Drivers/STM32F4xx_HAL_Driver/Src/stm32f4xx_hal.o
 .debug_abbrev  0x00000a8c      0x31d ./Drivers/STM32F4xx_HAL_Driver/Src/stm32f4xx_hal_cortex.o
 .debug_abbrev  0x00000da9      0x1d3 ./Drivers/STM32F4xx_HAL_Driver/Src/stm32f4xx_hal_gpio.o
 .debug_abbrev  0x00000f7c      0x2b6 ./Drivers/STM32F4xx_HAL_Driver/Src/stm32f4xx_hal_rcc.o
 .debug_abbrev  0x00001232      0x28b ./Drivers/STM32F4xx_HAL_Driver/Src/stm32f4xx_hal_tim.o
 .debug_abbrev  0x000014bd      0x296 ./Drivers/STM32F4xx_HAL_Driver/Src/stm32f4xx_hal_tim_ex.o
 .debug_abbrev  0x00001753      0x31b ./Drivers/STM32F4xx_HAL_Driver/Src/stm32f4xx_hal_uart.o

.debug_aranges  0x00000000      0xbc8
 .debug_aranges
                0x00000000       0x58 ./Core/Src/main.o
 .debug_aranges
                0x00000058       0x48 ./Core/Src/stm32f4xx_hal_msp.o
 .debug_aranges
                0x000000a0       0x60 ./Core/Src/stm32f4xx_it.o
 .debug_aranges
                0x00000100       0x28 ./Core/Src/system_stm32f4xx.o
 .debug_aranges
                0x00000128       0x28 ./Core/Startup/startup_stm32f411retx.o
 .debug_aranges
                0x00000150       0x38 ./Core/driver/Buzzer/Buzzer.o
 .debug_aranges
                0x00000188       0xf0 ./Drivers/STM32F4xx_HAL_Driver/Src/stm32f4xx_hal.o
 .debug_aranges
                0x00000278      0x130 ./Drivers/STM32F4xx_HAL_Driver/Src/stm32f4xx_hal_cortex.o
 .debug_aranges
                0x000003a8       0x58 ./Drivers/STM32F4xx_HAL_Driver/Src/stm32f4xx_hal_gpio.o
 .debug_aranges
                0x00000400       0x88 ./Drivers/STM32F4xx_HAL_Driver/Src/stm32f4xx_hal_rcc.o
 .debug_aranges
                0x00000488      0x3d0 ./Drivers/STM32F4xx_HAL_Driver/Src/stm32f4xx_hal_tim.o
 .debug_aranges
                0x00000858      0x168 ./Drivers/STM32F4xx_HAL_Driver/Src/stm32f4xx_hal_tim_ex.o
 .debug_aranges
                0x000009c0      0x208 ./Drivers/STM32F4xx_HAL_Driver/Src/stm32f4xx_hal_uart.o

.debug_rnglists
                0x00000000      0x93d
 .debug_rnglists
                0x00000000       0x40 ./Core/Src/main.o
 .debug_rnglists
                0x00000040       0x32 ./Core/Src/stm32f4xx_hal_msp.o
 .debug_rnglists
                0x00000072       0x43 ./Core/Src/stm32f4xx_it.o
 .debug_rnglists
                0x000000b5       0x1a ./Core/Src/system_stm32f4xx.o
 .debug_rnglists
                0x000000cf       0x19 ./Core/Startup/startup_stm32f411retx.o
 .debug_rnglists
                0x000000e8       0x26 ./Core/driver/Buzzer/Buzzer.o
 .debug_rnglists
                0x0000010e       0xaf ./Drivers/STM32F4xx_HAL_Driver/Src/stm32f4xx_hal.o
 .debug_rnglists
                0x000001bd       0xe0 ./Drivers/STM32F4xx_HAL_Driver/Src/stm32f4xx_hal_cortex.o
 .debug_rnglists
                0x0000029d       0x3f ./Drivers/STM32F4xx_HAL_Driver/Src/stm32f4xx_hal_gpio.o
 .debug_rnglists
                0x000002dc       0x66 ./Drivers/STM32F4xx_HAL_Driver/Src/stm32f4xx_hal_rcc.o
 .debug_rnglists
                0x00000342      0x31a ./Drivers/STM32F4xx_HAL_Driver/Src/stm32f4xx_hal_tim.o
 .debug_rnglists
                0x0000065c      0x125 ./Drivers/STM32F4xx_HAL_Driver/Src/stm32f4xx_hal_tim_ex.o
 .debug_rnglists
                0x00000781      0x1bc ./Drivers/STM32F4xx_HAL_Driver/Src/stm32f4xx_hal_uart.o

.debug_macro    0x00000000    0x16232
 .debug_macro   0x00000000      0x2ba ./Core/Src/main.o
 .debug_macro   0x000002ba      0xad8 ./Core/Src/main.o
 .debug_macro   0x00000d92      0x29b ./Core/Src/main.o
 .debug_macro   0x0000102d       0x2e ./Core/Src/main.o
 .debug_macro   0x0000105b       0x28 ./Core/Src/main.o
 .debug_macro   0x00001083       0x22 ./Core/Src/main.o
 .debug_macro   0x000010a5       0x8e ./Core/Src/main.o
 .debug_macro   0x00001133       0x51 ./Core/Src/main.o
 .debug_macro   0x00001184      0x103 ./Core/Src/main.o
 .debug_macro   0x00001287       0x6a ./Core/Src/main.o
 .debug_macro   0x000012f1      0x1df ./Core/Src/main.o
 .debug_macro   0x000014d0       0x1c ./Core/Src/main.o
 .debug_macro   0x000014ec       0x22 ./Core/Src/main.o
 .debug_macro   0x0000150e       0xfb ./Core/Src/main.o
 .debug_macro   0x00001609     0x1011 ./Core/Src/main.o
 .debug_macro   0x0000261a      0x11f ./Core/Src/main.o
 .debug_macro   0x00002739     0xb968 ./Core/Src/main.o
 .debug_macro   0x0000e0a1       0x6d ./Core/Src/main.o
 .debug_macro   0x0000e10e     0x3693 ./Core/Src/main.o
 .debug_macro   0x000117a1      0x190 ./Core/Src/main.o
 .debug_macro   0x00011931       0x5c ./Core/Src/main.o
 .debug_macro   0x0001198d      0x45c ./Core/Src/main.o
 .debug_macro   0x00011de9      0x9e9 ./Core/Src/main.o
 .debug_macro   0x000127d2      0x115 ./Core/Src/main.o
 .debug_macro   0x000128e7      0x11b ./Core/Src/main.o
 .debug_macro   0x00012a02       0xa5 ./Core/Src/main.o
 .debug_macro   0x00012aa7      0x15f ./Core/Src/main.o
 .debug_macro   0x00012c06      0x287 ./Core/Src/main.o
 .debug_macro   0x00012e8d       0x5f ./Core/Src/main.o
 .debug_macro   0x00012eec      0x236 ./Core/Src/main.o
 .debug_macro   0x00013122      0x132 ./Core/Src/main.o
 .debug_macro   0x00013254      0x264 ./Core/Src/main.o
 .debug_macro   0x000134b8       0x2e ./Core/Src/main.o
 .debug_macro   0x000134e6      0x127 ./Core/Src/main.o
 .debug_macro   0x0001360d       0x85 ./Core/Src/main.o
 .debug_macro   0x00013692       0x89 ./Core/Src/main.o
 .debug_macro   0x0001371b      0x8ed ./Core/Src/main.o
 .debug_macro   0x00014008       0x47 ./Core/Src/main.o
 .debug_macro   0x0001404f      0x2aa ./Core/Src/main.o
 .debug_macro   0x000142f9      0x126 ./Core/Src/main.o
 .debug_macro   0x0001441f       0x61 ./Core/Src/main.o
 .debug_macro   0x00014480       0x2a ./Core/Src/main.o
 .debug_macro   0x000144aa       0x43 ./Core/Src/main.o
 .debug_macro   0x000144ed       0x34 ./Core/Src/main.o
 .debug_macro   0x00014521       0x16 ./Core/Src/main.o
 .debug_macro   0x00014537       0x3c ./Core/Src/main.o
 .debug_macro   0x00014573      0x370 ./Core/Src/main.o
 .debug_macro   0x000148e3       0x10 ./Core/Src/main.o
 .debug_macro   0x000148f3       0x16 ./Core/Src/main.o
 .debug_macro   0x00014909       0x4a ./Core/Src/main.o
 .debug_macro   0x00014953       0x34 ./Core/Src/main.o
 .debug_macro   0x00014987       0x10 ./Core/Src/main.o
 .debug_macro   0x00014997       0x58 ./Core/Src/main.o
 .debug_macro   0x000149ef       0x8e ./Core/Src/main.o
 .debug_macro   0x00014a7d       0x1c ./Core/Src/main.o
 .debug_macro   0x00014a99      0x185 ./Core/Src/main.o
 .debug_macro   0x00014c1e       0x16 ./Core/Src/main.o
 .debug_macro   0x00014c34       0x16 ./Core/Src/main.o
 .debug_macro   0x00014c4a      0x146 ./Core/Src/main.o
 .debug_macro   0x00014d90      0x1e2 ./Core/Src/stm32f4xx_hal_msp.o
 .debug_macro   0x00014f72      0x1ec ./Core/Src/stm32f4xx_it.o
 .debug_macro   0x0001515e      0x1ce ./Core/Src/system_stm32f4xx.o
 .debug_macro   0x0001532c      0x1d8 ./Core/driver/Buzzer/Buzzer.o
 .debug_macro   0x00015504      0x22e ./Drivers/STM32F4xx_HAL_Driver/Src/stm32f4xx_hal.o
 .debug_macro   0x00015732      0x1ce ./Drivers/STM32F4xx_HAL_Driver/Src/stm32f4xx_hal_cortex.o
 .debug_macro   0x00015900      0x1d4 ./Drivers/STM32F4xx_HAL_Driver/Src/stm32f4xx_hal_gpio.o
 .debug_macro   0x00015ad4      0x1f2 ./Drivers/STM32F4xx_HAL_Driver/Src/stm32f4xx_hal_rcc.o
 .debug_macro   0x00015cc6      0x1cf ./Drivers/STM32F4xx_HAL_Driver/Src/stm32f4xx_hal_tim.o
 .debug_macro   0x00015e95      0x1ce ./Drivers/STM32F4xx_HAL_Driver/Src/stm32f4xx_hal_tim_ex.o
 .debug_macro   0x00016063      0x1cf ./Drivers/STM32F4xx_HAL_Driver/Src/stm32f4xx_hal_uart.o

.debug_line     0x00000000     0xcfac
 .debug_line    0x00000000      0xa67 ./Core/Src/main.o
 .debug_line    0x00000a67      0x824 ./Core/Src/stm32f4xx_hal_msp.o
 .debug_line    0x0000128b      0x81e ./Core/Src/stm32f4xx_it.o
 .debug_line    0x00001aa9      0x7bc ./Core/Src/system_stm32f4xx.o
 .debug_line    0x00002265       0x7a ./Core/Startup/startup_stm32f411retx.o
 .debug_line    0x000022df      0x7c8 ./Core/driver/Buzzer/Buzzer.o
 .debug_line    0x00002aa7      0xa38 ./Drivers/STM32F4xx_HAL_Driver/Src/stm32f4xx_hal.o
 .debug_line    0x000034df      0xd08 ./Drivers/STM32F4xx_HAL_Driver/Src/stm32f4xx_hal_cortex.o
 .debug_line    0x000041e7      0xb54 ./Drivers/STM32F4xx_HAL_Driver/Src/stm32f4xx_hal_gpio.o
 .debug_line    0x00004d3b      0xe47 ./Drivers/STM32F4xx_HAL_Driver/Src/stm32f4xx_hal_rcc.o
 .debug_line    0x00005b82     0x3577 ./Drivers/STM32F4xx_HAL_Driver/Src/stm32f4xx_hal_tim.o
 .debug_line    0x000090f9     0x1933 ./Drivers/STM32F4xx_HAL_Driver/Src/stm32f4xx_hal_tim_ex.o
 .debug_line    0x0000aa2c     0x2580 ./Drivers/STM32F4xx_HAL_Driver/Src/stm32f4xx_hal_uart.o

.debug_str      0x00000000    0x8dd5a
 .debug_str     0x00000000    0x8dd5a ./Core/Src/main.o
                              0x8b517 (size before relaxing)
 .debug_str     0x0008dd5a    0x879a6 ./Core/Src/stm32f4xx_hal_msp.o
 .debug_str     0x0008dd5a    0x870d7 ./Core/Src/stm32f4xx_it.o
 .debug_str     0x0008dd5a    0x871fa ./Core/Src/system_stm32f4xx.o
 .debug_str     0x0008dd5a       0x9b ./Core/Startup/startup_stm32f411retx.o
 .debug_str     0x0008dd5a    0x87627 ./Core/driver/Buzzer/Buzzer.o
 .debug_str     0x0008dd5a    0x87c26 ./Drivers/STM32F4xx_HAL_Driver/Src/stm32f4xx_hal.o
 .debug_str     0x0008dd5a    0x87990 ./Drivers/STM32F4xx_HAL_Driver/Src/stm32f4xx_hal_cortex.o
 .debug_str     0x0008dd5a    0x87375 ./Drivers/STM32F4xx_HAL_Driver/Src/stm32f4xx_hal_gpio.o
 .debug_str     0x0008dd5a    0x8762e ./Drivers/STM32F4xx_HAL_Driver/Src/stm32f4xx_hal_rcc.o
 .debug_str     0x0008dd5a    0x88572 ./Drivers/STM32F4xx_HAL_Driver/Src/stm32f4xx_hal_tim.o
 .debug_str     0x0008dd5a    0x87d7e ./Drivers/STM32F4xx_HAL_Driver/Src/stm32f4xx_hal_tim_ex.o
 .debug_str     0x0008dd5a    0x87bfd ./Drivers/STM32F4xx_HAL_Driver/Src/stm32f4xx_hal_uart.o

.comment        0x00000000       0x43
 .comment       0x00000000       0x43 ./Core/Src/main.o
                                 0x44 (size before relaxing)
 .comment       0x00000043       0x44 ./Core/Src/stm32f4xx_hal_msp.o
 .comment       0x00000043       0x44 ./Core/Src/stm32f4xx_it.o
 .comment       0x00000043       0x44 ./Core/Src/system_stm32f4xx.o
 .comment       0x00000043       0x44 ./Core/driver/Buzzer/Buzzer.o
 .comment       0x00000043       0x44 ./Drivers/STM32F4xx_HAL_Driver/Src/stm32f4xx_hal.o
 .comment       0x00000043       0x44 ./Drivers/STM32F4xx_HAL_Driver/Src/stm32f4xx_hal_cortex.o
 .comment       0x00000043       0x44 ./Drivers/STM32F4xx_HAL_Driver/Src/stm32f4xx_hal_gpio.o
 .comment       0x00000043       0x44 ./Drivers/STM32F4xx_HAL_Driver/Src/stm32f4xx_hal_rcc.o
 .comment       0x00000043       0x44 ./Drivers/STM32F4xx_HAL_Driver/Src/stm32f4xx_hal_tim.o
 .comment       0x00000043       0x44 ./Drivers/STM32F4xx_HAL_Driver/Src/stm32f4xx_hal_tim_ex.o
 .comment       0x00000043       0x44 ./Drivers/STM32F4xx_HAL_Driver/Src/stm32f4xx_hal_uart.o

.debug_frame    0x00000000     0x31a0
 .debug_frame   0x00000000      0x10c ./Core/Src/main.o
 .debug_frame   0x0000010c       0xf4 ./Core/Src/stm32f4xx_hal_msp.o
 .debug_frame   0x00000200      0x104 ./Core/Src/stm32f4xx_it.o
 .debug_frame   0x00000304       0x58 ./Core/Src/system_stm32f4xx.o
 .debug_frame   0x0000035c       0x98 ./Core/driver/Buzzer/Buzzer.o
 .debug_frame   0x000003f4      0x374 ./Drivers/STM32F4xx_HAL_Driver/Src/stm32f4xx_hal.o
 .debug_frame   0x00000768      0x508 ./Drivers/STM32F4xx_HAL_Driver/Src/stm32f4xx_hal_cortex.o
 .debug_frame   0x00000c70      0x14c ./Drivers/STM32F4xx_HAL_Driver/Src/stm32f4xx_hal_gpio.o
 .debug_frame   0x00000dbc      0x1f4 ./Drivers/STM32F4xx_HAL_Driver/Src/stm32f4xx_hal_rcc.o
 .debug_frame   0x00000fb0     0x11b8 ./Drivers/STM32F4xx_HAL_Driver/Src/stm32f4xx_hal_tim.o
 .debug_frame   0x00002168      0x638 ./Drivers/STM32F4xx_HAL_Driver/Src/stm32f4xx_hal_tim_ex.o
 .debug_frame   0x000027a0      0x954 ./Drivers/STM32F4xx_HAL_Driver/Src/stm32f4xx_hal_uart.o
 .debug_frame   0x000030f4       0x20 C:/ST/STM32CubeIDE_1.18.0/STM32CubeIDE/plugins/com.st.stm32cube.ide.mcu.externaltools.gnu-tools-for-stm32.13.3.rel1.win32_1.0.0.202411081344/tools/bin/../lib/gcc/arm-none-eabi/13.3.1/../../../../arm-none-eabi/lib/thumb/v7e-m+fp/hard\libc_nano.a(libc_a-memset.o)
 .debug_frame   0x00003114       0x2c C:/ST/STM32CubeIDE_1.18.0/STM32CubeIDE/plugins/com.st.stm32cube.ide.mcu.externaltools.gnu-tools-for-stm32.13.3.rel1.win32_1.0.0.202411081344/tools/bin/../lib/gcc/arm-none-eabi/13.3.1/../../../../arm-none-eabi/lib/thumb/v7e-m+fp/hard\libc_nano.a(libc_a-init.o)
 .debug_frame   0x00003140       0x2c C:/ST/STM32CubeIDE_1.18.0/STM32CubeIDE/plugins/com.st.stm32cube.ide.mcu.externaltools.gnu-tools-for-stm32.13.3.rel1.win32_1.0.0.202411081344/tools/bin/../lib/gcc/arm-none-eabi/13.3.1/thumb/v7e-m+fp/hard\libgcc.a(_aeabi_uldivmod.o)
 .debug_frame   0x0000316c       0x34 C:/ST/STM32CubeIDE_1.18.0/STM32CubeIDE/plugins/com.st.stm32cube.ide.mcu.externaltools.gnu-tools-for-stm32.13.3.rel1.win32_1.0.0.202411081344/tools/bin/../lib/gcc/arm-none-eabi/13.3.1/thumb/v7e-m+fp/hard\libgcc.a(_udivmoddi4.o)

.debug_line_str
                0x00000000       0x7f
 .debug_line_str
                0x00000000       0x7f ./Core/Startup/startup_stm32f411retx.o
